---
source: crates/rome_js_formatter/tests/prettier_tests.rs
assertion_line: 182
expression: try.js
---
# Input
```js
try
/* missing comment */
{;}
finally {}

```

# Output
```js
try {
  /* missing comment */
} finally {
}

```


