---
source: crates/rome_js_formatter/tests/prettier_tests.rs
assertion_line: 182
expression: comment.ts
---
# Input
```js
export function match(): string /* the matching pattern */
a

```

# Output
```js
export function match(): string; /* the matching pattern */
a;

```


